<html>
<body>
<pre>
<h1>µVision Build Log</h1>
<h2>Tool Versions:</h2>
IDE-Version: £gVision V5.20.0.0
Copyright (C) 2016 ARM Ltd and ARM Germany GmbH. All rights reserved.
License Information: Issac Yeung, Home, LIC=X96WF-6A2DH-9SCYS-L8RK8-B9KM4-K5GS4
 
Tool Versions:
Toolchain:       MDK-ARM Plus  Version: 5.20
Toolchain Path:  C:\Keil_v5\ARM\ARMCC\Bin
C Compiler:      Armcc.exe V5.06 update 2 (build 183)
Assembler:       Armasm.exe V5.06 update 2 (build 183)
Linker/Locator:  ArmLink.exe V5.06 update 2 (build 183)
Library Manager: ArmAr.exe V5.06 update 2 (build 183)
Hex Converter:   FromElf.exe V5.06 update 2 (build 183)
CPU DLL:         SARMCM3.DLL V5.20
Dialog DLL:      DCM.DLL V1.13.7.0
Target DLL:      STLink\ST-LINKIII-KEIL_SWO.dll V2.0.18.0
Dialog DLL:      TCM.DLL V1.14.9.0
 
<h2>Project:</h2>
D:\YSF1_HAL-006. USART\YSF1_HAL-006. USART\1. USART1\MDK-ARM\YS-F1Pro.uvprojx
Project File Date:  04/28/2016

<h2>Output:</h2>
*** Using Compiler 'V5.06 update 2 (build 183)', folder: 'C:\Keil_v5\ARM\ARMCC\Bin'
Build target 'YS-F1Pro'
assembling startup_stm32f103xe.s...
compiling system_stm32f1xx.c...
compiling stm32f1xx_hal_dma.c...
compiling stm32f1xx_hal_tim.c...
compiling stm32f1xx_hal.c...
compiling stm32f1xx_hal_cortex.c...
compiling stm32f1xx_hal_pwr.c...
compiling stm32f1xx_hal_tim_ex.c...
compiling stm32f1xx_hal_gpio.c...
compiling stm32f1xx_hal_rcc.c...
compiling stm32f1xx_hal_rcc_ex.c...
compiling stm32f1xx_hal_flash.c...
compiling stm32f1xx_hal_flash_ex.c...
compiling stm32f1xx_hal_adc.c...
compiling stm32f1xx_hal_adc_ex.c...
compiling stm32f1xx_hal_can.c...
compiling stm32f1xx_hal_cec.c...
compiling stm32f1xx_hal_dac.c...
compiling stm32f1xx_hal_crc.c...
compiling stm32f1xx_hal_dac_ex.c...
compiling stm32f1xx_hal_eth.c...
compiling stm32f1xx_hal_gpio_ex.c...
compiling stm32f1xx_hal_hcd.c...
compiling stm32f1xx_hal_i2s.c...
compiling stm32f1xx_hal_irda.c...
compiling stm32f1xx_hal_i2c.c...
compiling stm32f1xx_hal_iwdg.c...
compiling stm32f1xx_hal_nand.c...
compiling stm32f1xx_hal_nor.c...
compiling stm32f1xx_hal_pccard.c...
compiling stm32f1xx_hal_pcd_ex.c...
compiling stm32f1xx_hal_pcd.c...
compiling stm32f1xx_hal_rtc.c...
compiling stm32f1xx_hal_rtc_ex.c...
compiling stm32f1xx_hal_sd.c...
compiling stm32f1xx_hal_smartcard.c...
compiling stm32f1xx_hal_spi_ex.c...
compiling stm32f1xx_hal_spi.c...
compiling stm32f1xx_hal_sram.c...
compiling stm32f1xx_hal_uart.c...
compiling stm32f1xx_hal_usart.c...
compiling stm32f1xx_hal_wwdg.c...
compiling stm32f1xx_ll_fsmc.c...
compiling stm32f1xx_ll_sdmmc.c...
compiling stm32f1xx_ll_usb.c...
compiling main.c...
compiling stm32f1xx_hal_msp.c...
compiling stm32f1xx_it.c...
compiling stm32f1xx_assert.c...
compiling bsp_usartx.c...
linking...
Program Size: Code=5824 RO-data=352 RW-data=12 ZI-data=4164  
FromELF: creating hex file...
"YS-F1Pro\YS-F1Pro.axf" - 0 Error(s), 0 Warning(s).

<h2>Collection of Component include folders:</h2>
  D:\YSF1_HAL-006. USART\YSF1_HAL-006. USART\1. USART1\MDK-ARM\RTE
  C:\Keil_v5\ARM\PACK\Keil\STM32F1xx_DFP\2.1.0\Device\Include

<h2>Collection of Component Files used:</h2>
Build Time Elapsed:  00:01:08
</pre>
</body>
</html>
